
> codes-compiler@0.0.1 build
> astro build

01:40:04 [types] Generated 660ms
01:40:04 [build] output: "static"
01:40:04 [build] directory: C:\Users\Computer\Desktop\github\New_codecompiler\App\dist\
01:40:04 [build] Collecting build info...
01:40:04 [build] Γ£ô Completed in 730ms.
01:40:04 [build] Building static entrypoints...
node.exe : 01:40:06 [ERROR] [vite] [31mx[39m Build failed in 2.31s
At line:1 char:1
+ & "C:\Program Files\nodejs/node.exe" "C:\Users\Computer\AppData\Roami ...
+ ~~~~~~~~~~~~~~~~~~~~~~~~~~~~~~~~~~~~~~~~~~~~~~~~~~~~~~~~~~~~~~~~~~~~~
    + CategoryInfo          : NotSpecified: (01:40:06 [ERROR...failed in 2.31s:String) [], RemoteException
    + FullyQualifiedErrorId : NativeCommandError
 
[InvalidContentEntryFrontmatterError] [astro:content-imports] blog ΓåÆ css-animated-buttons.mdx frontmatter does not 
match collection schema.
category: Invalid enum value. Expected 'HTML & CSS' | 'JavaScript' | 'HTML CSS JavaScript', received 'CSS Buttons'
file: C:/Users/Computer/Desktop/github/New_codecompiler/App/src/content/blog/css-animated-buttons.mdx?astroContentColle
ctionEntry=true:0:0
  Hint:
    See https://docs.astro.build/en/guides/content-collections/ for more information on content schemas.
  Error reference:
    https://docs.astro.build/en/reference/errors/invalid-content-entry-frontmatter-error/
  Location:
    C:/Users/Computer/Desktop/github/New_codecompiler/App/src/content/blog/css-animated-buttons.mdx:0:0
  Stack trace:
    at getEntryDataAndImages 
(file:///C:/Users/Computer/Desktop/github/New_codecompiler/App/node_modules/astro/dist/content/utils.js:137:26)
    at async getContentEntryModule (file:///C:/Users/Computer/Desktop/github/New_codecompiler/App/node_modules/astro/di
st/content/vite-plugin-content-imports.js:171:35)
    at async transform (file:///C:/Users/Computer/Desktop/github/New_codecompiler/App/node_modules/rollup/dist/es/share
d/node-entry.js:21657:16)
